{
    "cramino_to_mqc - txt - stub": {
        "content": [
            {
                "0": [
                    [
                        {
                            "id": "test"
                        },
                        "test_mqc.tsv:md5,d41d8cd98f00b204e9800998ecf8427e"
                    ]
                ],
                "1": [
                    [
                        "CRAMINO_TO_MQC",
                        "python",
                        "3.12.0"
                    ]
                ],
                "mqc": [
                    [
                        {
                            "id": "test"
                        },
                        "test_mqc.tsv:md5,d41d8cd98f00b204e9800998ecf8427e"
                    ]
                ],
                "versions_python": [
                    [
                        "CRAMINO_TO_MQC",
                        "python",
                        "3.12.0"
                    ]
                ]
            }
        ],
        "timestamp": "2026-07-02T10:39:53.195692",
        "meta": {
            "nf-test": "0.9.5",
            "nextflow": "26.04.4"
        }
    }
}